src/pages/DashboardPage.tsx(1,8): error TS6133: 'React' is declared but its value is never read.
src/pages/DashboardPage.tsx(19,5): error TS6133: 'X' is declared but its value is never read.
src/pages/DirectoryPage.tsx(17,11): error TS6133: 'userData' is declared but its value is never read.
